// Jest Snapshot v1, https://goo.gl/fbAQLP

exports[`<App /> should match snaptshot 1`] = `
<div
  className="App"
>
  <NavBar />
  <h1>
    John 1
  </h1>
</div>
`;
