// Jest Snapshot v1, https://goo.gl/fbAQLP

exports[`<TargetPassage/> should matchsnapshot 1`] = `
<ReactGridLayout
  autoSize={true}
  className="layout"
  cols={1}
  compactType="vertical"
  containerPadding={null}
  draggableCancel=""
  draggableHandle=""
  isDraggable={true}
  isResizable={true}
  layout={Array []}
  margin={
    Array [
      10,
      10,
    ]
  }
  maxRows={Infinity}
  onDrag={[Function]}
  onDragStart={[Function]}
  onDragStop={[Function]}
  onLayoutChange={[Function]}
  onResize={[Function]}
  onResizeStart={[Function]}
  onResizeStop={[Function]}
  preventCollision={false}
  rowHeight={8}
  style={Object {}}
  useCSSTransforms={true}
  verticalCompact={true}
  width={1200}
/>
`;
